// Jest Snapshot v1, https://goo.gl/fbAQLP

exports[`ListBooksHeader snapshots 1`] = `
<div
  className="list-books-title"
>
  <h1>
    title
  </h1>
</div>
`;
