// Jest Snapshot v1, https://goo.gl/fbAQLP

exports[`App snapshots 1`] = `
<div
  className="app"
>
  <div
    className="list-books"
  >
    <div
      className="list-books-title"
    >
      <h1>
        MyReads
      </h1>
    </div>
    <div
      className="list-books-content"
    >
      <div
        className="bookshelves"
      >
        <div
          className="spinner-container"
        >
          <img
            alt="Loading spinner"
            className="spinner"
            src="spinner.gif"
          />
        </div>
      </div>
    </div>
    <div
      className="open-search"
    >
      <a
        href="/search"
        onClick={[Function]}
      >
        Add a book
      </a>
    </div>
  </div>
</div>
`;
