// Jest Snapshot v1, https://goo.gl/fbAQLP

exports[`BooksGrid snapshots 1`] = `
<ol
  className="books-grid"
  onDragOver={[Function]}
  onDrop={[Function]}
/>
`;
